<a class="govuk-button test-css-class govuk-button--disabled" data-module="govuk-button" role="button" draggable="false">

test html        </a>